============ Serving Benchmark Result ============
Successful requests:                     300       
Failed requests:                         0         
Maximum request concurrency:             2         
Request rate configured (RPS):           1.00      
Benchmark duration (s):                  300.84    
Total input tokens:                      67738     
Total generated tokens:                  46979     
Request throughput (req/s):              1.00      
Output token throughput (tok/s):         156.16    
Peak output token throughput (tok/s):    178.00    
Peak concurrent requests:                9.00      
Total token throughput (tok/s):          381.32    
---------------Time to First Token----------------
Mean TTFT (ms):                          54.79     
Median TTFT (ms):                        36.40     
P99 TTFT (ms):                           274.40    
-----Time per Output Token (excl. 1st token)------
Mean TPOT (ms):                          11.34     
Median TPOT (ms):                        11.28     
P99 TPOT (ms):                           13.05     
---------------Inter-token Latency----------------
Mean ITL (ms):                           11.34     
Median ITL (ms):                         11.26     
P99 ITL (ms):                            12.10     
----------------End-to-end Latency----------------
Mean E2EL (ms):                          1819.74   
Median E2EL (ms):                        794.42    
P99 E2EL (ms):                           8472.79   
==================================================
