============ Serving Benchmark Result ============
Successful requests:                     300       
Failed requests:                         0         
Maximum request concurrency:             2         
Request rate configured (RPS):           1.00      
Benchmark duration (s):                  300.87    
Total input tokens:                      67738     
Total generated tokens:                  46759     
Request throughput (req/s):              1.00      
Output token throughput (tok/s):         155.42    
Peak output token throughput (tok/s):    178.00    
Peak concurrent requests:                11.00     
Total token throughput (tok/s):          380.56    
---------------Time to First Token----------------
Mean TTFT (ms):                          54.76     
Median TTFT (ms):                        36.55     
P99 TTFT (ms):                           277.98    
-----Time per Output Token (excl. 1st token)------
Mean TPOT (ms):                          11.38     
Median TPOT (ms):                        11.31     
P99 TPOT (ms):                           13.11     
---------------Inter-token Latency----------------
Mean ITL (ms):                           11.38     
Median ITL (ms):                         11.30     
P99 ITL (ms):                            12.07     
----------------End-to-end Latency----------------
Mean E2EL (ms):                          1816.97   
Median E2EL (ms):                        797.64    
P99 E2EL (ms):                           8501.77   
==================================================
