============ Serving Benchmark Result ============
Successful requests:                     300       
Failed requests:                         0         
Maximum request concurrency:             2         
Request rate configured (RPS):           1.00      
Benchmark duration (s):                  300.87    
Total input tokens:                      67738     
Total generated tokens:                  46957     
Request throughput (req/s):              1.00      
Output token throughput (tok/s):         156.07    
Peak output token throughput (tok/s):    178.00    
Peak concurrent requests:                11.00     
Total token throughput (tok/s):          381.22    
---------------Time to First Token----------------
Mean TTFT (ms):                          55.00     
Median TTFT (ms):                        36.32     
P99 TTFT (ms):                           272.64    
-----Time per Output Token (excl. 1st token)------
Mean TPOT (ms):                          11.39     
Median TPOT (ms):                        11.32     
P99 TPOT (ms):                           13.11     
---------------Inter-token Latency----------------
Mean ITL (ms):                           11.39     
Median ITL (ms):                         11.31     
P99 ITL (ms):                            12.05     
----------------End-to-end Latency----------------
Mean E2EL (ms):                          1826.15   
Median E2EL (ms):                        798.24    
P99 E2EL (ms):                           8507.04   
==================================================
